// Jest Snapshot v1, https://goo.gl/fbAQLP

exports[`client generator should run successfully: apps/api/src/main.ts 1`] = `
"import { CaliobaseModule } from '@caliobase/caliobase';
import { Logger } from '@nestjs/common';
import { NestFactory } from '@nestjs/core';
import { AppModule } from './app/app.module';

async function bootstrap() {
  const app = await NestFactory.create(AppModule.forRootAsync(), {
    cors: true,
  });

  const globalPrefix = 'api';
  app.setGlobalPrefix(globalPrefix);

  await CaliobaseModule.bootstrap(app, {
    migration: {
      migrationsDir: './apps/apps-api/migrations',
    },
  });

  const port = process.env.PORT || 3324;
  await app.listen(port);
  Logger.log(
    \`ðŸš€ Application is running on: http://localhost:\${port}/\${globalPrefix}\`
  );
}

bootstrap().catch((err) => {
  console.error(err);
  process.exit(1);
});
"
`;

exports[`client generator should run successfully: libs/client/project.json 1`] = `
"{
  "name": "libs-client",
  "$schema": "../../node_modules/nx/schemas/project-schema.json",
  "sourceRoot": "libs/client/src",
  "projectType": "library",
  "tags": [],
  "targets": {
    "build": {
      "executor": "@nx/js:tsc",
      "outputs": ["{options.outputPath}"],
      "options": {
        "outputPath": "dist/libs/client",
        "main": "libs/client/src/index.ts",
        "tsConfig": "libs/client/tsconfig.lib.json",
        "assets": ["libs/client/*.md"]
      }
    },
    "lint": {
      "executor": "@nx/eslint:lint"
    },
    "test": {
      "executor": "@nx/jest:jest",
      "outputs": ["{workspaceRoot}/coverage/{projectRoot}"],
      "options": {
        "jestConfig": "libs/client/jest.config.ts"
      }
    },
    "generate-sources": {
      "executor": "@caliobase/caliobase-nx:swagger-client",
      "outputs": ["./libs/client/src"],
      "options": {
        "input": "././libs/client/assets/openapi.json",
        "output": "././libs/client/src/lib",
        "name": "libs-client.ts"
      },
      "dependsOn": [
        {
          "projects": "dependencies",
          "target": "swagger"
        }
      ]
    }
  },
  "implicitDependencies": ["apps-api"]
}
"
`;

exports[`client generator should run successfully: libs/client/src/index.ts 1`] = `
"export * from './lib/libs-client';
"
`;

exports[`client generator should run successfully: libs/client/src/lib/libs-client.ts 1`] = `
"// this will be replaced with a generated file when the generate-sources target is executed
"
`;

exports[`client generator should run successfully: package.json 1`] = `
"{
  "name": "@proj/source",
  "dependencies": {
    "@aws-sdk/client-ses": "^3.171.0",
    "@caliobase/caliobase": "*",
    "@nestjs/common": "^11.0.0",
    "@nestjs/core": "^11.0.0",
    "@nestjs/platform-express": "^11.0.0",
    "@nestjs/swagger": "7.3.0",
    "axios": "^1.6.0",
    "nodemailer": "^6.7.5",
    "reflect-metadata": "^0.1.13",
    "rxjs": "^7.8.0",
    "tslib": "^2.3.0"
  },
  "devDependencies": {
    "@nestjs/schematics": "11.0.5",
    "@nestjs/testing": "^11.0.0",
    "@nx/eslint": "21.2.3",
    "@nx/eslint-plugin": "21.2.3",
    "@nx/jest": "21.2.3",
    "@nx/js": "21.2.3",
    "@nx/nest": "21.2.3",
    "@nx/node": "21.2.3",
    "@nx/web": "21.2.3",
    "@nx/webpack": "21.2.3",
    "@swc-node/register": "~1.9.1",
    "@swc/core": "~1.5.7",
    "@swc/helpers": "~0.5.11",
    "@types/jest": "^29.5.12",
    "@types/node": "~18.16.9",
    "@types/nodemailer": "^6.4.4",
    "@typescript-eslint/eslint-plugin": "^7.16.0",
    "@typescript-eslint/parser": "^7.16.0",
    "eslint": "~8.57.0",
    "eslint-config-prettier": "^10.0.0",
    "jest": "^29.7.0",
    "jest-environment-node": "^29.7.0",
    "jsonc-eslint-parser": "^2.1.0",
    "prettier": "^2.6.2",
    "ts-jest": "^29.1.0",
    "ts-node": "10.9.1",
    "typescript": "~5.8.2"
  }
}
"
`;
