// Jest Snapshot v1, https://goo.gl/fbAQLP

exports[`ui generator should run successfully: apps/ui/project.json 1`] = `
"{
  \\"name\\": \\"ui\\",
  \\"$schema\\": \\"../../node_modules/nx/schemas/project-schema.json\\",
  \\"sourceRoot\\": \\"apps/ui/src\\",
  \\"projectType\\": \\"application\\",
  \\"targets\\": {
    \\"build\\": {
      \\"executor\\": \\"@nrwl/webpack:webpack\\",
      \\"outputs\\": [
        \\"{options.outputPath}\\"
      ],
      \\"defaultConfiguration\\": \\"production\\",
      \\"options\\": {
        \\"compiler\\": \\"babel\\",
        \\"outputPath\\": \\"dist/apps/ui\\",
        \\"index\\": \\"apps/ui/src/index.html\\",
        \\"baseHref\\": \\"/\\",
        \\"main\\": \\"apps/ui/src/main.tsx\\",
        \\"polyfills\\": \\"apps/ui/src/polyfills.ts\\",
        \\"tsConfig\\": \\"apps/ui/tsconfig.app.json\\",
        \\"assets\\": [
          \\"apps/ui/src/favicon.ico\\",
          \\"apps/ui/src/assets\\"
        ],
        \\"styles\\": [
          \\"apps/ui/src/styles.css\\"
        ],
        \\"scripts\\": [],
        \\"webpackConfig\\": \\"@nrwl/react/plugins/webpack\\"
      },
      \\"configurations\\": {
        \\"development\\": {
          \\"extractLicenses\\": false,
          \\"optimization\\": false,
          \\"sourceMap\\": true,
          \\"vendorChunk\\": true
        },
        \\"production\\": {
          \\"fileReplacements\\": [
            {
              \\"replace\\": \\"apps/ui/src/environments/environment.ts\\",
              \\"with\\": \\"apps/ui/src/environments/environment.prod.ts\\"
            }
          ],
          \\"optimization\\": true,
          \\"outputHashing\\": \\"all\\",
          \\"sourceMap\\": false,
          \\"namedChunks\\": false,
          \\"extractLicenses\\": true,
          \\"vendorChunk\\": false
        }
      }
    },
    \\"serve\\": {
      \\"executor\\": \\"@nrwl/webpack:dev-server\\",
      \\"defaultConfiguration\\": \\"development\\",
      \\"options\\": {
        \\"buildTarget\\": \\"ui:build\\",
        \\"hmr\\": true
      },
      \\"configurations\\": {
        \\"development\\": {
          \\"buildTarget\\": \\"ui:build:development\\"
        },
        \\"production\\": {
          \\"buildTarget\\": \\"ui:build:production\\",
          \\"hmr\\": false
        }
      }
    },
    \\"lint\\": {
      \\"executor\\": \\"@nrwl/linter:eslint\\",
      \\"outputs\\": [
        \\"{options.outputFile}\\"
      ],
      \\"options\\": {
        \\"lintFilePatterns\\": [
          \\"apps/ui/**/*.{ts,tsx,js,jsx}\\"
        ]
      }
    },
    \\"test\\": {
      \\"executor\\": \\"@nrwl/jest:jest\\",
      \\"outputs\\": [
        \\"coverage/apps/ui\\"
      ],
      \\"options\\": {
        \\"jestConfig\\": \\"apps/ui/jest.config.ts\\",
        \\"passWithNoTests\\": true
      }
    }
  },
  \\"tags\\": []
}
"
`;

exports[`ui generator should run successfully: apps/ui/src/main.tsx 1`] = `
"import { StrictMode } from 'react';
import * as ReactDOM from 'react-dom/client';


import App from './app/app';

const root = ReactDOM.createRoot(document.getElementById('root') as HTMLElement);
root.render(
<StrictMode><App /></StrictMode>
);
"
`;

exports[`ui generator should run successfully: apps/ui/src/styles.css 1`] = `
"@tailwind base;
@tailwind components;
@tailwind utilities;
"
`;

exports[`ui generator should run successfully: package.json 1`] = `
"{
  \\"name\\": \\"test-name\\",
  \\"dependencies\\": {
    \\"@caliobase/caliobase-ui\\": \\"0.1.9\\",
    \\"core-js\\": \\"^3.6.5\\",
    \\"react\\": \\"18.2.0\\",
    \\"react-dom\\": \\"18.2.0\\",
    \\"regenerator-runtime\\": \\"0.13.7\\",
    \\"tslib\\": \\"^2.3.0\\"
  },
  \\"devDependencies\\": {
    \\"@nrwl/cypress\\": \\"14.7.18\\",
    \\"@nrwl/eslint-plugin-nx\\": \\"14.7.18\\",
    \\"@nrwl/jest\\": \\"14.7.18\\",
    \\"@nrwl/linter\\": \\"14.7.18\\",
    \\"@nrwl/react\\": \\"14.7.18\\",
    \\"@nrwl/web\\": \\"14.7.18\\",
    \\"@testing-library/react\\": \\"13.4.0\\",
    \\"@types/jest\\": \\"28.1.1\\",
    \\"@types/node\\": \\"16.11.7\\",
    \\"@types/react\\": \\"18.0.20\\",
    \\"@types/react-dom\\": \\"18.0.6\\",
    \\"@typescript-eslint/eslint-plugin\\": \\"^5.36.1\\",
    \\"@typescript-eslint/parser\\": \\"^5.36.1\\",
    \\"babel-jest\\": \\"28.1.1\\",
    \\"cypress\\": \\"^10.7.0\\",
    \\"eslint\\": \\"~8.15.0\\",
    \\"eslint-config-prettier\\": \\"8.1.0\\",
    \\"eslint-plugin-cypress\\": \\"^2.10.3\\",
    \\"eslint-plugin-import\\": \\"2.26.0\\",
    \\"eslint-plugin-jsx-a11y\\": \\"6.6.1\\",
    \\"eslint-plugin-react\\": \\"7.31.8\\",
    \\"eslint-plugin-react-hooks\\": \\"4.6.0\\",
    \\"jest\\": \\"28.1.1\\",
    \\"jest-environment-jsdom\\": \\"28.1.1\\",
    \\"react-test-renderer\\": \\"18.2.0\\",
    \\"ts-jest\\": \\"28.0.5\\",
    \\"ts-node\\": \\"10.9.1\\"
  }
}
"
`;
